Archive member included to satisfy reference by file (symbol)

/opt/arm_gnu_toolchain_latest/bin/../lib/gcc/arm-none-eabi/15.2.1/../../../../arm-none-eabi/lib/thumb/v7e-m/nofp/libc_nano.a(libc_a-exit.o)
                              /opt/arm_gnu_toolchain_latest/bin/../lib/gcc/arm-none-eabi/15.2.1/../../../../arm-none-eabi/lib/thumb/v7e-m/nofp/crt0.o (exit)
/opt/arm_gnu_toolchain_latest/bin/../lib/gcc/arm-none-eabi/15.2.1/../../../../arm-none-eabi/lib/thumb/v7e-m/nofp/libc_nano.a(libc_a-findfp.o)
                              /opt/arm_gnu_toolchain_latest/bin/../lib/gcc/arm-none-eabi/15.2.1/../../../../arm-none-eabi/lib/thumb/v7e-m/nofp/libc_nano.a(libc_a-exit.o) (__stdio_exit_handler)
/opt/arm_gnu_toolchain_latest/bin/../lib/gcc/arm-none-eabi/15.2.1/../../../../arm-none-eabi/lib/thumb/v7e-m/nofp/libc_nano.a(libc_a-fwalk.o)
                              /opt/arm_gnu_toolchain_latest/bin/../lib/gcc/arm-none-eabi/15.2.1/../../../../arm-none-eabi/lib/thumb/v7e-m/nofp/libc_nano.a(libc_a-findfp.o) (_fwalk_sglue)
/opt/arm_gnu_toolchain_latest/bin/../lib/gcc/arm-none-eabi/15.2.1/../../../../arm-none-eabi/lib/thumb/v7e-m/nofp/libc_nano.a(libc_a-puts.o)
                              main.o (puts)
/opt/arm_gnu_toolchain_latest/bin/../lib/gcc/arm-none-eabi/15.2.1/../../../../arm-none-eabi/lib/thumb/v7e-m/nofp/libc_nano.a(libc_a-stdio.o)
                              /opt/arm_gnu_toolchain_latest/bin/../lib/gcc/arm-none-eabi/15.2.1/../../../../arm-none-eabi/lib/thumb/v7e-m/nofp/libc_nano.a(libc_a-findfp.o) (__sread)
/opt/arm_gnu_toolchain_latest/bin/../lib/gcc/arm-none-eabi/15.2.1/../../../../arm-none-eabi/lib/thumb/v7e-m/nofp/libc_nano.a(libc_a-wbuf.o)
                              /opt/arm_gnu_toolchain_latest/bin/../lib/gcc/arm-none-eabi/15.2.1/../../../../arm-none-eabi/lib/thumb/v7e-m/nofp/libc_nano.a(libc_a-puts.o) (__swbuf_r)
/opt/arm_gnu_toolchain_latest/bin/../lib/gcc/arm-none-eabi/15.2.1/../../../../arm-none-eabi/lib/thumb/v7e-m/nofp/libc_nano.a(libc_a-wsetup.o)
                              /opt/arm_gnu_toolchain_latest/bin/../lib/gcc/arm-none-eabi/15.2.1/../../../../arm-none-eabi/lib/thumb/v7e-m/nofp/libc_nano.a(libc_a-puts.o) (__swsetup_r)
/opt/arm_gnu_toolchain_latest/bin/../lib/gcc/arm-none-eabi/15.2.1/../../../../arm-none-eabi/lib/thumb/v7e-m/nofp/libc_nano.a(libc_a-memset.o)
                              /opt/arm_gnu_toolchain_latest/bin/../lib/gcc/arm-none-eabi/15.2.1/../../../../arm-none-eabi/lib/thumb/v7e-m/nofp/crt0.o (memset)
/opt/arm_gnu_toolchain_latest/bin/../lib/gcc/arm-none-eabi/15.2.1/../../../../arm-none-eabi/lib/thumb/v7e-m/nofp/libc_nano.a(libc_a-closer.o)
                              /opt/arm_gnu_toolchain_latest/bin/../lib/gcc/arm-none-eabi/15.2.1/../../../../arm-none-eabi/lib/thumb/v7e-m/nofp/libc_nano.a(libc_a-stdio.o) (_close_r)
/opt/arm_gnu_toolchain_latest/bin/../lib/gcc/arm-none-eabi/15.2.1/../../../../arm-none-eabi/lib/thumb/v7e-m/nofp/libc_nano.a(libc_a-reent.o)
                              /opt/arm_gnu_toolchain_latest/bin/../lib/gcc/arm-none-eabi/15.2.1/../../../../arm-none-eabi/lib/thumb/v7e-m/nofp/libc_nano.a(libc_a-closer.o) (errno)
/opt/arm_gnu_toolchain_latest/bin/../lib/gcc/arm-none-eabi/15.2.1/../../../../arm-none-eabi/lib/thumb/v7e-m/nofp/libc_nano.a(libc_a-impure.o)
                              /opt/arm_gnu_toolchain_latest/bin/../lib/gcc/arm-none-eabi/15.2.1/../../../../arm-none-eabi/lib/thumb/v7e-m/nofp/libc_nano.a(libc_a-puts.o) (_impure_ptr)
/opt/arm_gnu_toolchain_latest/bin/../lib/gcc/arm-none-eabi/15.2.1/../../../../arm-none-eabi/lib/thumb/v7e-m/nofp/libc_nano.a(libc_a-lseekr.o)
                              /opt/arm_gnu_toolchain_latest/bin/../lib/gcc/arm-none-eabi/15.2.1/../../../../arm-none-eabi/lib/thumb/v7e-m/nofp/libc_nano.a(libc_a-stdio.o) (_lseek_r)
/opt/arm_gnu_toolchain_latest/bin/../lib/gcc/arm-none-eabi/15.2.1/../../../../arm-none-eabi/lib/thumb/v7e-m/nofp/libc_nano.a(libc_a-readr.o)
                              /opt/arm_gnu_toolchain_latest/bin/../lib/gcc/arm-none-eabi/15.2.1/../../../../arm-none-eabi/lib/thumb/v7e-m/nofp/libc_nano.a(libc_a-stdio.o) (_read_r)
/opt/arm_gnu_toolchain_latest/bin/../lib/gcc/arm-none-eabi/15.2.1/../../../../arm-none-eabi/lib/thumb/v7e-m/nofp/libc_nano.a(libc_a-writer.o)
                              /opt/arm_gnu_toolchain_latest/bin/../lib/gcc/arm-none-eabi/15.2.1/../../../../arm-none-eabi/lib/thumb/v7e-m/nofp/libc_nano.a(libc_a-stdio.o) (_write_r)
/opt/arm_gnu_toolchain_latest/bin/../lib/gcc/arm-none-eabi/15.2.1/../../../../arm-none-eabi/lib/thumb/v7e-m/nofp/libc_nano.a(libc_a-errno.o)
                              syscalls.o (__errno)
/opt/arm_gnu_toolchain_latest/bin/../lib/gcc/arm-none-eabi/15.2.1/../../../../arm-none-eabi/lib/thumb/v7e-m/nofp/libc_nano.a(libc_a-init.o)
                              /opt/arm_gnu_toolchain_latest/bin/../lib/gcc/arm-none-eabi/15.2.1/../../../../arm-none-eabi/lib/thumb/v7e-m/nofp/crt0.o (__libc_init_array)
/opt/arm_gnu_toolchain_latest/bin/../lib/gcc/arm-none-eabi/15.2.1/../../../../arm-none-eabi/lib/thumb/v7e-m/nofp/libc_nano.a(libc_a-lock.o)
                              /opt/arm_gnu_toolchain_latest/bin/../lib/gcc/arm-none-eabi/15.2.1/../../../../arm-none-eabi/lib/thumb/v7e-m/nofp/libc_nano.a(libc_a-findfp.o) (__retarget_lock_init_recursive)
/opt/arm_gnu_toolchain_latest/bin/../lib/gcc/arm-none-eabi/15.2.1/../../../../arm-none-eabi/lib/thumb/v7e-m/nofp/libc_nano.a(libc_a-freer.o)
                              /opt/arm_gnu_toolchain_latest/bin/../lib/gcc/arm-none-eabi/15.2.1/../../../../arm-none-eabi/lib/thumb/v7e-m/nofp/libc_nano.a(libc_a-wsetup.o) (_free_r)
/opt/arm_gnu_toolchain_latest/bin/../lib/gcc/arm-none-eabi/15.2.1/../../../../arm-none-eabi/lib/thumb/v7e-m/nofp/libc_nano.a(libc_a-mallocr.o)
                              /opt/arm_gnu_toolchain_latest/bin/../lib/gcc/arm-none-eabi/15.2.1/../../../../arm-none-eabi/lib/thumb/v7e-m/nofp/libc_nano.a(libc_a-findfp.o) (_malloc_r)
/opt/arm_gnu_toolchain_latest/bin/../lib/gcc/arm-none-eabi/15.2.1/../../../../arm-none-eabi/lib/thumb/v7e-m/nofp/libc_nano.a(libc_a-mlock.o)
                              /opt/arm_gnu_toolchain_latest/bin/../lib/gcc/arm-none-eabi/15.2.1/../../../../arm-none-eabi/lib/thumb/v7e-m/nofp/libc_nano.a(libc_a-freer.o) (__malloc_lock)
/opt/arm_gnu_toolchain_latest/bin/../lib/gcc/arm-none-eabi/15.2.1/../../../../arm-none-eabi/lib/thumb/v7e-m/nofp/libc_nano.a(libc_a-fflush.o)
                              /opt/arm_gnu_toolchain_latest/bin/../lib/gcc/arm-none-eabi/15.2.1/../../../../arm-none-eabi/lib/thumb/v7e-m/nofp/libc_nano.a(libc_a-findfp.o) (_fflush_r)
/opt/arm_gnu_toolchain_latest/bin/../lib/gcc/arm-none-eabi/15.2.1/../../../../arm-none-eabi/lib/thumb/v7e-m/nofp/libc_nano.a(libc_a-makebuf.o)
                              /opt/arm_gnu_toolchain_latest/bin/../lib/gcc/arm-none-eabi/15.2.1/../../../../arm-none-eabi/lib/thumb/v7e-m/nofp/libc_nano.a(libc_a-wsetup.o) (__smakebuf_r)
/opt/arm_gnu_toolchain_latest/bin/../lib/gcc/arm-none-eabi/15.2.1/../../../../arm-none-eabi/lib/thumb/v7e-m/nofp/libc_nano.a(libc_a-fstatr.o)
                              /opt/arm_gnu_toolchain_latest/bin/../lib/gcc/arm-none-eabi/15.2.1/../../../../arm-none-eabi/lib/thumb/v7e-m/nofp/libc_nano.a(libc_a-makebuf.o) (_fstat_r)
/opt/arm_gnu_toolchain_latest/bin/../lib/gcc/arm-none-eabi/15.2.1/../../../../arm-none-eabi/lib/thumb/v7e-m/nofp/libc_nano.a(libc_a-isattyr.o)
                              /opt/arm_gnu_toolchain_latest/bin/../lib/gcc/arm-none-eabi/15.2.1/../../../../arm-none-eabi/lib/thumb/v7e-m/nofp/libc_nano.a(libc_a-makebuf.o) (_isatty_r)
/opt/arm_gnu_toolchain_latest/bin/../lib/gcc/arm-none-eabi/15.2.1/../../../../arm-none-eabi/lib/thumb/v7e-m/nofp/libc_nano.a(libc_a-sbrkr.o)
                              /opt/arm_gnu_toolchain_latest/bin/../lib/gcc/arm-none-eabi/15.2.1/../../../../arm-none-eabi/lib/thumb/v7e-m/nofp/libc_nano.a(libc_a-mallocr.o) (_sbrk_r)

There are no discarded input sections

Memory Configuration

Name             Origin             Length             Attributes
FLASH            0x08000000         0x00080000         xr
SRAM             0x20000000         0x00020000         xrw
*default*        0x00000000         0xffffffff

Linker script and memory map

LOAD /opt/arm_gnu_toolchain_latest/bin/../lib/gcc/arm-none-eabi/15.2.1/thumb/v7e-m/nofp/crti.o
LOAD /opt/arm_gnu_toolchain_latest/bin/../lib/gcc/arm-none-eabi/15.2.1/thumb/v7e-m/nofp/crtbegin.o
LOAD /opt/arm_gnu_toolchain_latest/bin/../lib/gcc/arm-none-eabi/15.2.1/../../../../arm-none-eabi/lib/thumb/v7e-m/nofp/crt0.o
LOAD main.o
LOAD led.o
LOAD stm32f446_startup.o
LOAD syscalls.o
START GROUP
LOAD /opt/arm_gnu_toolchain_latest/bin/../lib/gcc/arm-none-eabi/15.2.1/thumb/v7e-m/nofp/libgcc.a
LOAD /opt/arm_gnu_toolchain_latest/bin/../lib/gcc/arm-none-eabi/15.2.1/../../../../arm-none-eabi/lib/thumb/v7e-m/nofp/libc_nano.a
END GROUP
START GROUP
LOAD /opt/arm_gnu_toolchain_latest/bin/../lib/gcc/arm-none-eabi/15.2.1/thumb/v7e-m/nofp/libgcc.a
LOAD /opt/arm_gnu_toolchain_latest/bin/../lib/gcc/arm-none-eabi/15.2.1/../../../../arm-none-eabi/lib/thumb/v7e-m/nofp/libc_nano.a
END GROUP
LOAD /opt/arm_gnu_toolchain_latest/bin/../lib/gcc/arm-none-eabi/15.2.1/thumb/v7e-m/nofp/crtend.o
LOAD /opt/arm_gnu_toolchain_latest/bin/../lib/gcc/arm-none-eabi/15.2.1/thumb/v7e-m/nofp/crtn.o
                0x20020000                        _estack = (ORIGIN (SRAM) + LENGTH (SRAM))

.text           0x08000000     0x1918
 *(.isr_vectors)
 .isr_vectors   0x08000000      0x1c4 stm32f446_startup.o
                0x08000000                vectors
 *(.text*)
 .text          0x080001c4        0x0 /opt/arm_gnu_toolchain_latest/bin/../lib/gcc/arm-none-eabi/15.2.1/thumb/v7e-m/nofp/crti.o
 .text          0x080001c4        0x0 /opt/arm_gnu_toolchain_latest/bin/../lib/gcc/arm-none-eabi/15.2.1/thumb/v7e-m/nofp/crtbegin.o
 .text.deregister_tm_clones
                0x080001c4       0x1c /opt/arm_gnu_toolchain_latest/bin/../lib/gcc/arm-none-eabi/15.2.1/thumb/v7e-m/nofp/crtbegin.o
 .text.register_tm_clones
                0x080001e0       0x24 /opt/arm_gnu_toolchain_latest/bin/../lib/gcc/arm-none-eabi/15.2.1/thumb/v7e-m/nofp/crtbegin.o
 .text.__do_global_dtors_aux
                0x08000204       0x28 /opt/arm_gnu_toolchain_latest/bin/../lib/gcc/arm-none-eabi/15.2.1/thumb/v7e-m/nofp/crtbegin.o
 .text.frame_dummy
                0x0800022c       0x24 /opt/arm_gnu_toolchain_latest/bin/../lib/gcc/arm-none-eabi/15.2.1/thumb/v7e-m/nofp/crtbegin.o
 .text          0x08000250       0x7c /opt/arm_gnu_toolchain_latest/bin/../lib/gcc/arm-none-eabi/15.2.1/../../../../arm-none-eabi/lib/thumb/v7e-m/nofp/crt0.o
                0x08000250                _stack_init
                0x08000258                _mainCRTStartup
                0x08000258                _start
 .text          0x080002cc      0x510 main.o
                0x080002cc                main
                0x080002fc                idle_task_handler
                0x08000304                task1_handler
                0x08000328                task2_handler
                0x0800034c                task3_handler
                0x0800036c                task4_handler
                0x0800038c                SysTick_timer_init
                0x080003fc                schedular_task_init
                0x08000406                init_tasks_stack
                0x08000520                get_psp_value
                0x08000540                save_psp_value
                0x08000568                update_next_task
                0x080005f0                switch_sp_to_psp
                0x08000618                PendSV_Handler
                0x0800063e                update_global_tick_count
                0x08000658                unblock_task
                0x080006b8                SysTick_Handler
                0x080006e4                schedule
                0x08000708                task_delay
                0x08000768                enable_processor_faults
                0x080007a4                HardFault_Handler
                0x080007b8                UsageFault_Handler
                0x080007cc                BusFault_Handler
                0x080007d4                MemManage_Handler
 .text          0x080007dc      0x24c led.o
                0x080007dc                delay
                0x08000804                LED_Init
                0x080008b4                led_on
                0x08000930                led_off
                0x080009ac                LED_Toggle
 .text          0x08000a28       0x90 stm32f446_startup.o
                0x08000a28                RTC_Alarm_IRQHandler
                0x08000a28                EXTI2_IRQHandler
                0x08000a28                TIM8_CC_IRQHandler
                0x08000a28                SPDIF_Rx_IRQHandler
                0x08000a28                DebugMon_Handler
                0x08000a28                SPI4_IRQHandler
                0x08000a28                TIM1_CC_IRQHandler
                0x08000a28                QuadSPI_IRQHandler
                0x08000a28                DMA2_Stream5_IRQHandler
                0x08000a28                DMA1_Stream5_IRQHandler
                0x08000a28                PVD_IRQHandler
                0x08000a28                SDIO_IRQHandler
                0x08000a28                TAMP_STAMP_IRQHandler
                0x08000a28                NMI_Handler
                0x08000a28                CAN2_RX1_IRQHandler
                0x08000a28                EXTI3_IRQHandler
                0x08000a28                TIM8_TRG_COM_TIM14_IRQHandler
                0x08000a28                TIM1_UP_TIM10_IRQHandler
                0x08000a28                FMPI2C1_error_IRQHandler
                0x08000a28                TIM8_UP_TIM13_IRQHandler
                0x08000a28                I2C3_ER_IRQHandler
                0x08000a28                EXTI0_IRQHandler
                0x08000a28                I2C2_EV_IRQHandler
                0x08000a28                DMA1_Stream2_IRQHandler
                0x08000a28                CAN1_RX0_IRQHandler
                0x08000a28                FPU_IRQHandler
                0x08000a28                OTG_HS_WKUP_IRQHandler
                0x08000a28                CAN2_SCE_IRQHandler
                0x08000a28                DMA2_Stream2_IRQHandler
                0x08000a28                SPI1_IRQHandler
                0x08000a28                TIM6_DAC_IRQHandler
                0x08000a28                TIM1_BRK_TIM9_IRQHandler
                0x08000a28                DCMI_IRQHandler
                0x08000a28                CAN2_RX0_IRQHandler
                0x08000a28                DMA2_Stream3_IRQHandler
                0x08000a28                FMPI2C1_IRQHandler
                0x08000a28                SAI2_IRQHandler
                0x08000a28                USART6_IRQHandler
                0x08000a28                USART3_IRQHandler
                0x08000a28                CAN1_RX1_IRQHandler
                0x08000a28                UART5_IRQHandler
                0x08000a28                DMA2_Stream0_IRQHandler
                0x08000a28                TIM4_IRQHandler
                0x08000a28                I2C1_EV_IRQHandler
                0x08000a28                HDMI_CEC_IRQHandler
                0x08000a28                DMA1_Stream6_IRQHandler
                0x08000a28                DMA1_Stream1_IRQHandler
                0x08000a28                UART4_IRQHandler
                0x08000a28                TIM3_IRQHandler
                0x08000a28                RCC_IRQHandler
                0x08000a28                TIM8_BRK_TIM12_IRQHandler
                0x08000a28                Default_Handler
                0x08000a28                EXTI15_10_IRQHandler
                0x08000a28                ADC_IRQHandler
                0x08000a28                DMA1_Stream7_IRQHandler
                0x08000a28                TIM7_IRQHandler
                0x08000a28                CAN2_TX_IRQHandler
                0x08000a28                TIM5_IRQHandler
                0x08000a28                DMA2_Stream7_IRQHandler
                0x08000a28                I2C3_EV_IRQHandler
                0x08000a28                EXTI9_5_IRQHandler
                0x08000a28                RTC_WKUP_IRQHandler
                0x08000a28                SPI2_IRQHandler
                0x08000a28                OTG_HS_EP1_IN_IRQHandler
                0x08000a28                DMA1_Stream0_IRQHandler
                0x08000a28                CAN1_TX_IRQHandler
                0x08000a28                SVC_Handler
                0x08000a28                EXTI4_IRQHandler
                0x08000a28                OTG_HS_EP1_OUT_IRQHandler
                0x08000a28                WWDG_IRQHandler
                0x08000a28                TIM2_IRQHandler
                0x08000a28                OTG_FS_WKUP_IRQHandler
                0x08000a28                TIM1_TRG_COM_TIM11_IRQHandler
                0x08000a28                OTG_HS_IRQHandler
                0x08000a28                EXTI1_IRQHandler
                0x08000a28                USART2_IRQHandler
                0x08000a28                I2C2_ER_IRQHandler
                0x08000a28                DMA2_Stream1_IRQHandler
                0x08000a28                CAN1_SCE_IRQHandler
                0x08000a28                FLASH_IRQHandler
                0x08000a28                DMA2_Stream4_IRQHandler
                0x08000a28                USART1_IRQHandler
                0x08000a28                OTG_FS_IRQHandler
                0x08000a28                SPI3_IRQHandler
                0x08000a28                DMA1_Stream4_IRQHandler
                0x08000a28                I2C1_ER_IRQHandler
                0x08000a28                FMC_IRQHandler
                0x08000a28                DMA2_Stream6_IRQHandler
                0x08000a28                SAI1_IRQHandler
                0x08000a28                DMA1_Stream3_IRQHandler
                0x08000a30                Reset_Handler
 .text          0x08000ab8      0x25c syscalls.o
                0x08000ab8                initialise_monitor_handles
                0x08000ac4                _getpid
                0x08000ad2                _kill
                0x08000af2                _exit
                0x08000b08                _read
                0x08000b42                _write
                0x08000b7a                _close
                0x08000b90                _fstat
                0x08000bae                _isatty
                0x08000bc2                _lseek
                0x08000bda                _open
                0x08000bf4                _wait
                0x08000c12                _unlink
                0x08000c30                _times
                0x08000c46                _stat
                0x08000c64                _link
                0x08000c84                _fork
                0x08000c9a                _execve
                0x08000cbc                _sbrk
 .text          0x08000d14        0x0 /opt/arm_gnu_toolchain_latest/bin/../lib/gcc/arm-none-eabi/15.2.1/../../../../arm-none-eabi/lib/thumb/v7e-m/nofp/libc_nano.a(libc_a-exit.o)
 .text.exit     0x08000d14       0x24 /opt/arm_gnu_toolchain_latest/bin/../lib/gcc/arm-none-eabi/15.2.1/../../../../arm-none-eabi/lib/thumb/v7e-m/nofp/libc_nano.a(libc_a-exit.o)
                0x08000d14                exit
 .text          0x08000d38        0x0 /opt/arm_gnu_toolchain_latest/bin/../lib/gcc/arm-none-eabi/15.2.1/../../../../arm-none-eabi/lib/thumb/v7e-m/nofp/libc_nano.a(libc_a-findfp.o)
 .text.std      0x08000d38       0x6c /opt/arm_gnu_toolchain_latest/bin/../lib/gcc/arm-none-eabi/15.2.1/../../../../arm-none-eabi/lib/thumb/v7e-m/nofp/libc_nano.a(libc_a-findfp.o)
 .text.stdio_exit_handler
                0x08000da4       0x18 /opt/arm_gnu_toolchain_latest/bin/../lib/gcc/arm-none-eabi/15.2.1/../../../../arm-none-eabi/lib/thumb/v7e-m/nofp/libc_nano.a(libc_a-findfp.o)
 .text.cleanup_stdio
                0x08000dbc       0x40 /opt/arm_gnu_toolchain_latest/bin/../lib/gcc/arm-none-eabi/15.2.1/../../../../arm-none-eabi/lib/thumb/v7e-m/nofp/libc_nano.a(libc_a-findfp.o)
 .text.__fp_lock
                0x08000dfc       0x18 /opt/arm_gnu_toolchain_latest/bin/../lib/gcc/arm-none-eabi/15.2.1/../../../../arm-none-eabi/lib/thumb/v7e-m/nofp/libc_nano.a(libc_a-findfp.o)
 .text.__fp_unlock
                0x08000e14       0x18 /opt/arm_gnu_toolchain_latest/bin/../lib/gcc/arm-none-eabi/15.2.1/../../../../arm-none-eabi/lib/thumb/v7e-m/nofp/libc_nano.a(libc_a-findfp.o)
 .text.global_stdio_init.part.0
                0x08000e2c       0x40 /opt/arm_gnu_toolchain_latest/bin/../lib/gcc/arm-none-eabi/15.2.1/../../../../arm-none-eabi/lib/thumb/v7e-m/nofp/libc_nano.a(libc_a-findfp.o)
 .text.__sfp_lock_acquire
                0x08000e6c        0xc /opt/arm_gnu_toolchain_latest/bin/../lib/gcc/arm-none-eabi/15.2.1/../../../../arm-none-eabi/lib/thumb/v7e-m/nofp/libc_nano.a(libc_a-findfp.o)
                0x08000e6c                __sfp_lock_acquire
 .text.__sfp_lock_release
                0x08000e78        0xc /opt/arm_gnu_toolchain_latest/bin/../lib/gcc/arm-none-eabi/15.2.1/../../../../arm-none-eabi/lib/thumb/v7e-m/nofp/libc_nano.a(libc_a-findfp.o)
                0x08000e78                __sfp_lock_release
 .text.__sfp    0x08000e84       0xa4 /opt/arm_gnu_toolchain_latest/bin/../lib/gcc/arm-none-eabi/15.2.1/../../../../arm-none-eabi/lib/thumb/v7e-m/nofp/libc_nano.a(libc_a-findfp.o)
                0x08000e84                __sfp
 .text.__sinit  0x08000f28       0x30 /opt/arm_gnu_toolchain_latest/bin/../lib/gcc/arm-none-eabi/15.2.1/../../../../arm-none-eabi/lib/thumb/v7e-m/nofp/libc_nano.a(libc_a-findfp.o)
                0x08000f28                __sinit
 .text.__fp_lock_all
                0x08000f58       0x1c /opt/arm_gnu_toolchain_latest/bin/../lib/gcc/arm-none-eabi/15.2.1/../../../../arm-none-eabi/lib/thumb/v7e-m/nofp/libc_nano.a(libc_a-findfp.o)
                0x08000f58                __fp_lock_all
 .text.__fp_unlock_all
                0x08000f74       0x1c /opt/arm_gnu_toolchain_latest/bin/../lib/gcc/arm-none-eabi/15.2.1/../../../../arm-none-eabi/lib/thumb/v7e-m/nofp/libc_nano.a(libc_a-findfp.o)
                0x08000f74                __fp_unlock_all
 .text          0x08000f90        0x0 /opt/arm_gnu_toolchain_latest/bin/../lib/gcc/arm-none-eabi/15.2.1/../../../../arm-none-eabi/lib/thumb/v7e-m/nofp/libc_nano.a(libc_a-fwalk.o)
 .text._fwalk_sglue
                0x08000f90       0x3a /opt/arm_gnu_toolchain_latest/bin/../lib/gcc/arm-none-eabi/15.2.1/../../../../arm-none-eabi/lib/thumb/v7e-m/nofp/libc_nano.a(libc_a-fwalk.o)
                0x08000f90                _fwalk_sglue
 .text          0x08000fca        0x0 /opt/arm_gnu_toolchain_latest/bin/../lib/gcc/arm-none-eabi/15.2.1/../../../../arm-none-eabi/lib/thumb/v7e-m/nofp/libc_nano.a(libc_a-puts.o)
 .text._puts_r  0x08000fca       0xaa /opt/arm_gnu_toolchain_latest/bin/../lib/gcc/arm-none-eabi/15.2.1/../../../../arm-none-eabi/lib/thumb/v7e-m/nofp/libc_nano.a(libc_a-puts.o)
                0x08000fca                _puts_r
 .text.puts     0x08001074       0x10 /opt/arm_gnu_toolchain_latest/bin/../lib/gcc/arm-none-eabi/15.2.1/../../../../arm-none-eabi/lib/thumb/v7e-m/nofp/libc_nano.a(libc_a-puts.o)
                0x08001074                puts
 .text          0x08001084        0x0 /opt/arm_gnu_toolchain_latest/bin/../lib/gcc/arm-none-eabi/15.2.1/../../../../arm-none-eabi/lib/thumb/v7e-m/nofp/libc_nano.a(libc_a-stdio.o)
 .text.__sread  0x08001084       0x22 /opt/arm_gnu_toolchain_latest/bin/../lib/gcc/arm-none-eabi/15.2.1/../../../../arm-none-eabi/lib/thumb/v7e-m/nofp/libc_nano.a(libc_a-stdio.o)
                0x08001084                __sread
 .text.__seofread
                0x080010a6        0x4 /opt/arm_gnu_toolchain_latest/bin/../lib/gcc/arm-none-eabi/15.2.1/../../../../arm-none-eabi/lib/thumb/v7e-m/nofp/libc_nano.a(libc_a-stdio.o)
                0x080010a6                __seofread
 .text.__swrite
                0x080010aa       0x38 /opt/arm_gnu_toolchain_latest/bin/../lib/gcc/arm-none-eabi/15.2.1/../../../../arm-none-eabi/lib/thumb/v7e-m/nofp/libc_nano.a(libc_a-stdio.o)
                0x080010aa                __swrite
 .text.__sseek  0x080010e2       0x26 /opt/arm_gnu_toolchain_latest/bin/../lib/gcc/arm-none-eabi/15.2.1/../../../../arm-none-eabi/lib/thumb/v7e-m/nofp/libc_nano.a(libc_a-stdio.o)
                0x080010e2                __sseek
 .text.__sclose
                0x08001108        0x8 /opt/arm_gnu_toolchain_latest/bin/../lib/gcc/arm-none-eabi/15.2.1/../../../../arm-none-eabi/lib/thumb/v7e-m/nofp/libc_nano.a(libc_a-stdio.o)
                0x08001108                __sclose
 .text          0x08001110        0x0 /opt/arm_gnu_toolchain_latest/bin/../lib/gcc/arm-none-eabi/15.2.1/../../../../arm-none-eabi/lib/thumb/v7e-m/nofp/libc_nano.a(libc_a-wbuf.o)
 .text.__swbuf_r
                0x08001110       0x7a /opt/arm_gnu_toolchain_latest/bin/../lib/gcc/arm-none-eabi/15.2.1/../../../../arm-none-eabi/lib/thumb/v7e-m/nofp/libc_nano.a(libc_a-wbuf.o)
                0x08001110                __swbuf_r
 *fill*         0x0800118a        0x2 
 .text.__swbuf  0x0800118c       0x10 /opt/arm_gnu_toolchain_latest/bin/../lib/gcc/arm-none-eabi/15.2.1/../../../../arm-none-eabi/lib/thumb/v7e-m/nofp/libc_nano.a(libc_a-wbuf.o)
                0x0800118c                __swbuf
 .text          0x0800119c        0x0 /opt/arm_gnu_toolchain_latest/bin/../lib/gcc/arm-none-eabi/15.2.1/../../../../arm-none-eabi/lib/thumb/v7e-m/nofp/libc_nano.a(libc_a-wsetup.o)
 .text.__swsetup_r
                0x0800119c       0xa8 /opt/arm_gnu_toolchain_latest/bin/../lib/gcc/arm-none-eabi/15.2.1/../../../../arm-none-eabi/lib/thumb/v7e-m/nofp/libc_nano.a(libc_a-wsetup.o)
                0x0800119c                __swsetup_r
 .text          0x08001244        0x0 /opt/arm_gnu_toolchain_latest/bin/../lib/gcc/arm-none-eabi/15.2.1/../../../../arm-none-eabi/lib/thumb/v7e-m/nofp/libc_nano.a(libc_a-memset.o)
 .text.memset   0x08001244       0x10 /opt/arm_gnu_toolchain_latest/bin/../lib/gcc/arm-none-eabi/15.2.1/../../../../arm-none-eabi/lib/thumb/v7e-m/nofp/libc_nano.a(libc_a-memset.o)
                0x08001244                memset
 .text          0x08001254        0x0 /opt/arm_gnu_toolchain_latest/bin/../lib/gcc/arm-none-eabi/15.2.1/../../../../arm-none-eabi/lib/thumb/v7e-m/nofp/libc_nano.a(libc_a-closer.o)
 .text._close_r
                0x08001254       0x20 /opt/arm_gnu_toolchain_latest/bin/../lib/gcc/arm-none-eabi/15.2.1/../../../../arm-none-eabi/lib/thumb/v7e-m/nofp/libc_nano.a(libc_a-closer.o)
                0x08001254                _close_r
 .text          0x08001274        0x0 /opt/arm_gnu_toolchain_latest/bin/../lib/gcc/arm-none-eabi/15.2.1/../../../../arm-none-eabi/lib/thumb/v7e-m/nofp/libc_nano.a(libc_a-reent.o)
 .text._reclaim_reent
                0x08001274       0xbc /opt/arm_gnu_toolchain_latest/bin/../lib/gcc/arm-none-eabi/15.2.1/../../../../arm-none-eabi/lib/thumb/v7e-m/nofp/libc_nano.a(libc_a-reent.o)
                0x08001274                _reclaim_reent
 .text          0x08001330        0x0 /opt/arm_gnu_toolchain_latest/bin/../lib/gcc/arm-none-eabi/15.2.1/../../../../arm-none-eabi/lib/thumb/v7e-m/nofp/libc_nano.a(libc_a-impure.o)
 .text          0x08001330        0x0 /opt/arm_gnu_toolchain_latest/bin/../lib/gcc/arm-none-eabi/15.2.1/../../../../arm-none-eabi/lib/thumb/v7e-m/nofp/libc_nano.a(libc_a-lseekr.o)
 .text._lseek_r
                0x08001330       0x24 /opt/arm_gnu_toolchain_latest/bin/../lib/gcc/arm-none-eabi/15.2.1/../../../../arm-none-eabi/lib/thumb/v7e-m/nofp/libc_nano.a(libc_a-lseekr.o)
                0x08001330                _lseek_r
 .text          0x08001354        0x0 /opt/arm_gnu_toolchain_latest/bin/../lib/gcc/arm-none-eabi/15.2.1/../../../../arm-none-eabi/lib/thumb/v7e-m/nofp/libc_nano.a(libc_a-readr.o)
 .text._read_r  0x08001354       0x24 /opt/arm_gnu_toolchain_latest/bin/../lib/gcc/arm-none-eabi/15.2.1/../../../../arm-none-eabi/lib/thumb/v7e-m/nofp/libc_nano.a(libc_a-readr.o)
                0x08001354                _read_r
 .text          0x08001378        0x0 /opt/arm_gnu_toolchain_latest/bin/../lib/gcc/arm-none-eabi/15.2.1/../../../../arm-none-eabi/lib/thumb/v7e-m/nofp/libc_nano.a(libc_a-writer.o)
 .text._write_r
                0x08001378       0x24 /opt/arm_gnu_toolchain_latest/bin/../lib/gcc/arm-none-eabi/15.2.1/../../../../arm-none-eabi/lib/thumb/v7e-m/nofp/libc_nano.a(libc_a-writer.o)
                0x08001378                _write_r
 .text          0x0800139c        0x0 /opt/arm_gnu_toolchain_latest/bin/../lib/gcc/arm-none-eabi/15.2.1/../../../../arm-none-eabi/lib/thumb/v7e-m/nofp/libc_nano.a(libc_a-errno.o)
 .text.__errno  0x0800139c        0xc /opt/arm_gnu_toolchain_latest/bin/../lib/gcc/arm-none-eabi/15.2.1/../../../../arm-none-eabi/lib/thumb/v7e-m/nofp/libc_nano.a(libc_a-errno.o)
                0x0800139c                __errno
 .text          0x080013a8        0x0 /opt/arm_gnu_toolchain_latest/bin/../lib/gcc/arm-none-eabi/15.2.1/../../../../arm-none-eabi/lib/thumb/v7e-m/nofp/libc_nano.a(libc_a-init.o)
 .text.__libc_init_array
                0x080013a8       0x48 /opt/arm_gnu_toolchain_latest/bin/../lib/gcc/arm-none-eabi/15.2.1/../../../../arm-none-eabi/lib/thumb/v7e-m/nofp/libc_nano.a(libc_a-init.o)
                0x080013a8                __libc_init_array
 .text          0x080013f0        0x0 /opt/arm_gnu_toolchain_latest/bin/../lib/gcc/arm-none-eabi/15.2.1/../../../../arm-none-eabi/lib/thumb/v7e-m/nofp/libc_nano.a(libc_a-lock.o)
 .text.__retarget_lock_init
                0x080013f0        0x2 /opt/arm_gnu_toolchain_latest/bin/../lib/gcc/arm-none-eabi/15.2.1/../../../../arm-none-eabi/lib/thumb/v7e-m/nofp/libc_nano.a(libc_a-lock.o)
                0x080013f0                __retarget_lock_init
 .text.__retarget_lock_init_recursive
                0x080013f2        0x2 /opt/arm_gnu_toolchain_latest/bin/../lib/gcc/arm-none-eabi/15.2.1/../../../../arm-none-eabi/lib/thumb/v7e-m/nofp/libc_nano.a(libc_a-lock.o)
                0x080013f2                __retarget_lock_init_recursive
 .text.__retarget_lock_close
                0x080013f4        0x2 /opt/arm_gnu_toolchain_latest/bin/../lib/gcc/arm-none-eabi/15.2.1/../../../../arm-none-eabi/lib/thumb/v7e-m/nofp/libc_nano.a(libc_a-lock.o)
                0x080013f4                __retarget_lock_close
 .text.__retarget_lock_close_recursive
                0x080013f6        0x2 /opt/arm_gnu_toolchain_latest/bin/../lib/gcc/arm-none-eabi/15.2.1/../../../../arm-none-eabi/lib/thumb/v7e-m/nofp/libc_nano.a(libc_a-lock.o)
                0x080013f6                __retarget_lock_close_recursive
 .text.__retarget_lock_acquire
                0x080013f8        0x2 /opt/arm_gnu_toolchain_latest/bin/../lib/gcc/arm-none-eabi/15.2.1/../../../../arm-none-eabi/lib/thumb/v7e-m/nofp/libc_nano.a(libc_a-lock.o)
                0x080013f8                __retarget_lock_acquire
 .text.__retarget_lock_acquire_recursive
                0x080013fa        0x2 /opt/arm_gnu_toolchain_latest/bin/../lib/gcc/arm-none-eabi/15.2.1/../../../../arm-none-eabi/lib/thumb/v7e-m/nofp/libc_nano.a(libc_a-lock.o)
                0x080013fa                __retarget_lock_acquire_recursive
 .text.__retarget_lock_try_acquire
                0x080013fc        0x4 /opt/arm_gnu_toolchain_latest/bin/../lib/gcc/arm-none-eabi/15.2.1/../../../../arm-none-eabi/lib/thumb/v7e-m/nofp/libc_nano.a(libc_a-lock.o)
                0x080013fc                __retarget_lock_try_acquire
 .text.__retarget_lock_try_acquire_recursive
                0x08001400        0x4 /opt/arm_gnu_toolchain_latest/bin/../lib/gcc/arm-none-eabi/15.2.1/../../../../arm-none-eabi/lib/thumb/v7e-m/nofp/libc_nano.a(libc_a-lock.o)
                0x08001400                __retarget_lock_try_acquire_recursive
 .text.__retarget_lock_release
                0x08001404        0x2 /opt/arm_gnu_toolchain_latest/bin/../lib/gcc/arm-none-eabi/15.2.1/../../../../arm-none-eabi/lib/thumb/v7e-m/nofp/libc_nano.a(libc_a-lock.o)
                0x08001404                __retarget_lock_release
 .text.__retarget_lock_release_recursive
                0x08001406        0x2 /opt/arm_gnu_toolchain_latest/bin/../lib/gcc/arm-none-eabi/15.2.1/../../../../arm-none-eabi/lib/thumb/v7e-m/nofp/libc_nano.a(libc_a-lock.o)
                0x08001406                __retarget_lock_release_recursive
 .text          0x08001408        0x0 /opt/arm_gnu_toolchain_latest/bin/../lib/gcc/arm-none-eabi/15.2.1/../../../../arm-none-eabi/lib/thumb/v7e-m/nofp/libc_nano.a(libc_a-freer.o)
 .text._free_r  0x08001408       0x98 /opt/arm_gnu_toolchain_latest/bin/../lib/gcc/arm-none-eabi/15.2.1/../../../../arm-none-eabi/lib/thumb/v7e-m/nofp/libc_nano.a(libc_a-freer.o)
                0x08001408                _free_r
 .text          0x080014a0        0x0 /opt/arm_gnu_toolchain_latest/bin/../lib/gcc/arm-none-eabi/15.2.1/../../../../arm-none-eabi/lib/thumb/v7e-m/nofp/libc_nano.a(libc_a-mallocr.o)
 .text.sbrk_aligned
                0x080014a0       0x44 /opt/arm_gnu_toolchain_latest/bin/../lib/gcc/arm-none-eabi/15.2.1/../../../../arm-none-eabi/lib/thumb/v7e-m/nofp/libc_nano.a(libc_a-mallocr.o)
 .text._malloc_r
                0x080014e4       0xf8 /opt/arm_gnu_toolchain_latest/bin/../lib/gcc/arm-none-eabi/15.2.1/../../../../arm-none-eabi/lib/thumb/v7e-m/nofp/libc_nano.a(libc_a-mallocr.o)
                0x080014e4                _malloc_r
 .text          0x080015dc        0x0 /opt/arm_gnu_toolchain_latest/bin/../lib/gcc/arm-none-eabi/15.2.1/../../../../arm-none-eabi/lib/thumb/v7e-m/nofp/libc_nano.a(libc_a-mlock.o)
 .text.__malloc_lock
                0x080015dc        0xc /opt/arm_gnu_toolchain_latest/bin/../lib/gcc/arm-none-eabi/15.2.1/../../../../arm-none-eabi/lib/thumb/v7e-m/nofp/libc_nano.a(libc_a-mlock.o)
                0x080015dc                __malloc_lock
 .text.__malloc_unlock
                0x080015e8        0xc /opt/arm_gnu_toolchain_latest/bin/../lib/gcc/arm-none-eabi/15.2.1/../../../../arm-none-eabi/lib/thumb/v7e-m/nofp/libc_nano.a(libc_a-mlock.o)
                0x080015e8                __malloc_unlock
 .text          0x080015f4        0x0 /opt/arm_gnu_toolchain_latest/bin/../lib/gcc/arm-none-eabi/15.2.1/../../../../arm-none-eabi/lib/thumb/v7e-m/nofp/libc_nano.a(libc_a-fflush.o)
 .text.__sflush_r
                0x080015f4       0xf8 /opt/arm_gnu_toolchain_latest/bin/../lib/gcc/arm-none-eabi/15.2.1/../../../../arm-none-eabi/lib/thumb/v7e-m/nofp/libc_nano.a(libc_a-fflush.o)
                0x080015f4                __sflush_r
 .text._fflush_r
                0x080016ec       0x50 /opt/arm_gnu_toolchain_latest/bin/../lib/gcc/arm-none-eabi/15.2.1/../../../../arm-none-eabi/lib/thumb/v7e-m/nofp/libc_nano.a(libc_a-fflush.o)
                0x080016ec                _fflush_r
 .text.fflush   0x0800173c       0x28 /opt/arm_gnu_toolchain_latest/bin/../lib/gcc/arm-none-eabi/15.2.1/../../../../arm-none-eabi/lib/thumb/v7e-m/nofp/libc_nano.a(libc_a-fflush.o)
                0x0800173c                fflush
 .text          0x08001764        0x0 /opt/arm_gnu_toolchain_latest/bin/../lib/gcc/arm-none-eabi/15.2.1/../../../../arm-none-eabi/lib/thumb/v7e-m/nofp/libc_nano.a(libc_a-makebuf.o)
 .text.__swhatbuf_r
                0x08001764       0x48 /opt/arm_gnu_toolchain_latest/bin/../lib/gcc/arm-none-eabi/15.2.1/../../../../arm-none-eabi/lib/thumb/v7e-m/nofp/libc_nano.a(libc_a-makebuf.o)
                0x08001764                __swhatbuf_r
 .text.__smakebuf_r
                0x080017ac       0x72 /opt/arm_gnu_toolchain_latest/bin/../lib/gcc/arm-none-eabi/15.2.1/../../../../arm-none-eabi/lib/thumb/v7e-m/nofp/libc_nano.a(libc_a-makebuf.o)
                0x080017ac                __smakebuf_r
 .text          0x0800181e        0x0 /opt/arm_gnu_toolchain_latest/bin/../lib/gcc/arm-none-eabi/15.2.1/../../../../arm-none-eabi/lib/thumb/v7e-m/nofp/libc_nano.a(libc_a-fstatr.o)
 *fill*         0x0800181e        0x2 
 .text._fstat_r
                0x08001820       0x24 /opt/arm_gnu_toolchain_latest/bin/../lib/gcc/arm-none-eabi/15.2.1/../../../../arm-none-eabi/lib/thumb/v7e-m/nofp/libc_nano.a(libc_a-fstatr.o)
                0x08001820                _fstat_r
 .text          0x08001844        0x0 /opt/arm_gnu_toolchain_latest/bin/../lib/gcc/arm-none-eabi/15.2.1/../../../../arm-none-eabi/lib/thumb/v7e-m/nofp/libc_nano.a(libc_a-isattyr.o)
 .text._isatty_r
                0x08001844       0x20 /opt/arm_gnu_toolchain_latest/bin/../lib/gcc/arm-none-eabi/15.2.1/../../../../arm-none-eabi/lib/thumb/v7e-m/nofp/libc_nano.a(libc_a-isattyr.o)
                0x08001844                _isatty_r
 .text          0x08001864        0x0 /opt/arm_gnu_toolchain_latest/bin/../lib/gcc/arm-none-eabi/15.2.1/../../../../arm-none-eabi/lib/thumb/v7e-m/nofp/libc_nano.a(libc_a-sbrkr.o)
 .text._sbrk_r  0x08001864       0x20 /opt/arm_gnu_toolchain_latest/bin/../lib/gcc/arm-none-eabi/15.2.1/../../../../arm-none-eabi/lib/thumb/v7e-m/nofp/libc_nano.a(libc_a-sbrkr.o)
                0x08001864                _sbrk_r
 .text          0x08001884        0x0 /opt/arm_gnu_toolchain_latest/bin/../lib/gcc/arm-none-eabi/15.2.1/thumb/v7e-m/nofp/crtend.o
 .text          0x08001884        0x0 /opt/arm_gnu_toolchain_latest/bin/../lib/gcc/arm-none-eabi/15.2.1/thumb/v7e-m/nofp/crtn.o
 *(.rodata*)
 .rodata.all_implied_fbits
                0x08001884       0x24 /opt/arm_gnu_toolchain_latest/bin/../lib/gcc/arm-none-eabi/15.2.1/thumb/v7e-m/nofp/crtbegin.o
 .rodata        0x080018a8       0x2f main.o
 *fill*         0x080018d7        0x1 
 .rodata.all_implied_fbits
                0x080018d8       0x24 /opt/arm_gnu_toolchain_latest/bin/../lib/gcc/arm-none-eabi/15.2.1/thumb/v7e-m/nofp/crtend.o
 *(.rodata.*)
 *(.text.*)
 *(.init)
 .init          0x080018fc        0x4 /opt/arm_gnu_toolchain_latest/bin/../lib/gcc/arm-none-eabi/15.2.1/thumb/v7e-m/nofp/crti.o
                0x080018fc                _init
 .init          0x08001900        0x8 /opt/arm_gnu_toolchain_latest/bin/../lib/gcc/arm-none-eabi/15.2.1/thumb/v7e-m/nofp/crtn.o
 *(.fini)
 .fini          0x08001908        0x4 /opt/arm_gnu_toolchain_latest/bin/../lib/gcc/arm-none-eabi/15.2.1/thumb/v7e-m/nofp/crti.o
                0x08001908                _fini
 .fini          0x0800190c        0x8 /opt/arm_gnu_toolchain_latest/bin/../lib/gcc/arm-none-eabi/15.2.1/thumb/v7e-m/nofp/crtn.o
 *(.glue_7)
 .glue_7        0x08001914        0x0 linker stubs
 *(.glue_7t)
 .glue_7t       0x08001914        0x0 linker stubs
 *(.eh_frame)
 .eh_frame      0x08001914        0x0 /opt/arm_gnu_toolchain_latest/bin/../lib/gcc/arm-none-eabi/15.2.1/thumb/v7e-m/nofp/crtbegin.o
 .eh_frame      0x08001914        0x4 /opt/arm_gnu_toolchain_latest/bin/../lib/gcc/arm-none-eabi/15.2.1/thumb/v7e-m/nofp/crtend.o
                0x08001918                        . = ALIGN (0x4)
                0x08001918                        _etext = .
                0x08001920                        _sidata = LOADADDR (.data)

.ARM.extab      0x08001918        0x0
 .ARM.extab     0x08001918        0x0 /opt/arm_gnu_toolchain_latest/bin/../lib/gcc/arm-none-eabi/15.2.1/../../../../arm-none-eabi/lib/thumb/v7e-m/nofp/crt0.o

.ARM.exidx      0x08001918        0x8
 .ARM.exidx     0x08001918        0x8 /opt/arm_gnu_toolchain_latest/bin/../lib/gcc/arm-none-eabi/15.2.1/../../../../arm-none-eabi/lib/thumb/v7e-m/nofp/crt0.o
                                 0x10 (size before relaxing)

.vfp11_veneer   0x08001920        0x0
 .vfp11_veneer  0x08001920        0x0 linker stubs

.v4_bx          0x08001920        0x0
 .v4_bx         0x08001920        0x0 linker stubs

.iplt           0x08001920        0x0
 .iplt          0x08001920        0x0 /opt/arm_gnu_toolchain_latest/bin/../lib/gcc/arm-none-eabi/15.2.1/thumb/v7e-m/nofp/crtbegin.o

.rel.dyn        0x08001920        0x0
 .rel.iplt      0x08001920        0x0 /opt/arm_gnu_toolchain_latest/bin/../lib/gcc/arm-none-eabi/15.2.1/thumb/v7e-m/nofp/crtbegin.o

.data           0x20000000       0x68 load address 0x08001920
                0x20000000                        _sdata = .
 *(.data*)
 .data          0x20000000        0x0 /opt/arm_gnu_toolchain_latest/bin/../lib/gcc/arm-none-eabi/15.2.1/thumb/v7e-m/nofp/crti.o
 .data          0x20000000        0x0 /opt/arm_gnu_toolchain_latest/bin/../lib/gcc/arm-none-eabi/15.2.1/thumb/v7e-m/nofp/crtbegin.o
 .data.__dso_handle
                0x20000000        0x4 /opt/arm_gnu_toolchain_latest/bin/../lib/gcc/arm-none-eabi/15.2.1/thumb/v7e-m/nofp/crtbegin.o
                0x20000000                __dso_handle
 .data          0x20000004        0x0 /opt/arm_gnu_toolchain_latest/bin/../lib/gcc/arm-none-eabi/15.2.1/../../../../arm-none-eabi/lib/thumb/v7e-m/nofp/crt0.o
 .data          0x20000004        0x1 main.o
                0x20000004                current_task
 .data          0x20000005        0x0 led.o
 .data          0x20000005        0x0 stm32f446_startup.o
 *fill*         0x20000005        0x3 
 .data          0x20000008        0x4 syscalls.o
                0x20000008                environ
 .data          0x2000000c        0x0 /opt/arm_gnu_toolchain_latest/bin/../lib/gcc/arm-none-eabi/15.2.1/../../../../arm-none-eabi/lib/thumb/v7e-m/nofp/libc_nano.a(libc_a-exit.o)
 .data          0x2000000c        0x0 /opt/arm_gnu_toolchain_latest/bin/../lib/gcc/arm-none-eabi/15.2.1/../../../../arm-none-eabi/lib/thumb/v7e-m/nofp/libc_nano.a(libc_a-findfp.o)
 .data.__sglue  0x2000000c        0xc /opt/arm_gnu_toolchain_latest/bin/../lib/gcc/arm-none-eabi/15.2.1/../../../../arm-none-eabi/lib/thumb/v7e-m/nofp/libc_nano.a(libc_a-findfp.o)
                0x2000000c                __sglue
 .data          0x20000018        0x0 /opt/arm_gnu_toolchain_latest/bin/../lib/gcc/arm-none-eabi/15.2.1/../../../../arm-none-eabi/lib/thumb/v7e-m/nofp/libc_nano.a(libc_a-fwalk.o)
 .data          0x20000018        0x0 /opt/arm_gnu_toolchain_latest/bin/../lib/gcc/arm-none-eabi/15.2.1/../../../../arm-none-eabi/lib/thumb/v7e-m/nofp/libc_nano.a(libc_a-puts.o)
 .data          0x20000018        0x0 /opt/arm_gnu_toolchain_latest/bin/../lib/gcc/arm-none-eabi/15.2.1/../../../../arm-none-eabi/lib/thumb/v7e-m/nofp/libc_nano.a(libc_a-stdio.o)
 .data          0x20000018        0x0 /opt/arm_gnu_toolchain_latest/bin/../lib/gcc/arm-none-eabi/15.2.1/../../../../arm-none-eabi/lib/thumb/v7e-m/nofp/libc_nano.a(libc_a-wbuf.o)
 .data          0x20000018        0x0 /opt/arm_gnu_toolchain_latest/bin/../lib/gcc/arm-none-eabi/15.2.1/../../../../arm-none-eabi/lib/thumb/v7e-m/nofp/libc_nano.a(libc_a-wsetup.o)
 .data          0x20000018        0x0 /opt/arm_gnu_toolchain_latest/bin/../lib/gcc/arm-none-eabi/15.2.1/../../../../arm-none-eabi/lib/thumb/v7e-m/nofp/libc_nano.a(libc_a-memset.o)
 .data          0x20000018        0x0 /opt/arm_gnu_toolchain_latest/bin/../lib/gcc/arm-none-eabi/15.2.1/../../../../arm-none-eabi/lib/thumb/v7e-m/nofp/libc_nano.a(libc_a-closer.o)
 .data          0x20000018        0x0 /opt/arm_gnu_toolchain_latest/bin/../lib/gcc/arm-none-eabi/15.2.1/../../../../arm-none-eabi/lib/thumb/v7e-m/nofp/libc_nano.a(libc_a-reent.o)
 .data          0x20000018        0x0 /opt/arm_gnu_toolchain_latest/bin/../lib/gcc/arm-none-eabi/15.2.1/../../../../arm-none-eabi/lib/thumb/v7e-m/nofp/libc_nano.a(libc_a-impure.o)
 .data._impure_ptr
                0x20000018        0x4 /opt/arm_gnu_toolchain_latest/bin/../lib/gcc/arm-none-eabi/15.2.1/../../../../arm-none-eabi/lib/thumb/v7e-m/nofp/libc_nano.a(libc_a-impure.o)
                0x20000018                _impure_ptr
 .data._impure_data
                0x2000001c       0x4c /opt/arm_gnu_toolchain_latest/bin/../lib/gcc/arm-none-eabi/15.2.1/../../../../arm-none-eabi/lib/thumb/v7e-m/nofp/libc_nano.a(libc_a-impure.o)
                0x2000001c                _impure_data
 .data          0x20000068        0x0 /opt/arm_gnu_toolchain_latest/bin/../lib/gcc/arm-none-eabi/15.2.1/../../../../arm-none-eabi/lib/thumb/v7e-m/nofp/libc_nano.a(libc_a-lseekr.o)
 .data          0x20000068        0x0 /opt/arm_gnu_toolchain_latest/bin/../lib/gcc/arm-none-eabi/15.2.1/../../../../arm-none-eabi/lib/thumb/v7e-m/nofp/libc_nano.a(libc_a-readr.o)
 .data          0x20000068        0x0 /opt/arm_gnu_toolchain_latest/bin/../lib/gcc/arm-none-eabi/15.2.1/../../../../arm-none-eabi/lib/thumb/v7e-m/nofp/libc_nano.a(libc_a-writer.o)
 .data          0x20000068        0x0 /opt/arm_gnu_toolchain_latest/bin/../lib/gcc/arm-none-eabi/15.2.1/../../../../arm-none-eabi/lib/thumb/v7e-m/nofp/libc_nano.a(libc_a-errno.o)
 .data          0x20000068        0x0 /opt/arm_gnu_toolchain_latest/bin/../lib/gcc/arm-none-eabi/15.2.1/../../../../arm-none-eabi/lib/thumb/v7e-m/nofp/libc_nano.a(libc_a-init.o)
 .data          0x20000068        0x0 /opt/arm_gnu_toolchain_latest/bin/../lib/gcc/arm-none-eabi/15.2.1/../../../../arm-none-eabi/lib/thumb/v7e-m/nofp/libc_nano.a(libc_a-lock.o)
 .data          0x20000068        0x0 /opt/arm_gnu_toolchain_latest/bin/../lib/gcc/arm-none-eabi/15.2.1/../../../../arm-none-eabi/lib/thumb/v7e-m/nofp/libc_nano.a(libc_a-freer.o)
 .data          0x20000068        0x0 /opt/arm_gnu_toolchain_latest/bin/../lib/gcc/arm-none-eabi/15.2.1/../../../../arm-none-eabi/lib/thumb/v7e-m/nofp/libc_nano.a(libc_a-mallocr.o)
 .data          0x20000068        0x0 /opt/arm_gnu_toolchain_latest/bin/../lib/gcc/arm-none-eabi/15.2.1/../../../../arm-none-eabi/lib/thumb/v7e-m/nofp/libc_nano.a(libc_a-mlock.o)
 .data          0x20000068        0x0 /opt/arm_gnu_toolchain_latest/bin/../lib/gcc/arm-none-eabi/15.2.1/../../../../arm-none-eabi/lib/thumb/v7e-m/nofp/libc_nano.a(libc_a-fflush.o)
 .data          0x20000068        0x0 /opt/arm_gnu_toolchain_latest/bin/../lib/gcc/arm-none-eabi/15.2.1/../../../../arm-none-eabi/lib/thumb/v7e-m/nofp/libc_nano.a(libc_a-makebuf.o)
 .data          0x20000068        0x0 /opt/arm_gnu_toolchain_latest/bin/../lib/gcc/arm-none-eabi/15.2.1/../../../../arm-none-eabi/lib/thumb/v7e-m/nofp/libc_nano.a(libc_a-fstatr.o)
 .data          0x20000068        0x0 /opt/arm_gnu_toolchain_latest/bin/../lib/gcc/arm-none-eabi/15.2.1/../../../../arm-none-eabi/lib/thumb/v7e-m/nofp/libc_nano.a(libc_a-isattyr.o)
 .data          0x20000068        0x0 /opt/arm_gnu_toolchain_latest/bin/../lib/gcc/arm-none-eabi/15.2.1/../../../../arm-none-eabi/lib/thumb/v7e-m/nofp/libc_nano.a(libc_a-sbrkr.o)
 .data          0x20000068        0x0 /opt/arm_gnu_toolchain_latest/bin/../lib/gcc/arm-none-eabi/15.2.1/thumb/v7e-m/nofp/crtend.o
 .data          0x20000068        0x0 /opt/arm_gnu_toolchain_latest/bin/../lib/gcc/arm-none-eabi/15.2.1/thumb/v7e-m/nofp/crtn.o
                0x20000068                        . = ALIGN (0x4)
                0x20000068                        _edata = .

.init_array     0x20000068        0x4 load address 0x08001988
 .init_array    0x20000068        0x4 /opt/arm_gnu_toolchain_latest/bin/../lib/gcc/arm-none-eabi/15.2.1/thumb/v7e-m/nofp/crtbegin.o

.fini_array     0x2000006c        0x4 load address 0x0800198c
 .fini_array    0x2000006c        0x4 /opt/arm_gnu_toolchain_latest/bin/../lib/gcc/arm-none-eabi/15.2.1/thumb/v7e-m/nofp/crtbegin.o

.tm_clone_table
                0x20000070        0x0 load address 0x08001990
 .tm_clone_table
                0x20000070        0x0 /opt/arm_gnu_toolchain_latest/bin/../lib/gcc/arm-none-eabi/15.2.1/thumb/v7e-m/nofp/crtbegin.o
 .tm_clone_table
                0x20000070        0x0 /opt/arm_gnu_toolchain_latest/bin/../lib/gcc/arm-none-eabi/15.2.1/thumb/v7e-m/nofp/crtend.o

.igot.plt       0x20000070        0x0 load address 0x08001990
 .igot.plt      0x20000070        0x0 /opt/arm_gnu_toolchain_latest/bin/../lib/gcc/arm-none-eabi/15.2.1/thumb/v7e-m/nofp/crtbegin.o

.bss            0x20000070      0x1c8 load address 0x08001990
                0x20000070                        _sbss = .
                0x20000070                        __bss_start__ = _sbss
 *(.bss*)
 .bss           0x20000070        0x0 /opt/arm_gnu_toolchain_latest/bin/../lib/gcc/arm-none-eabi/15.2.1/thumb/v7e-m/nofp/crti.o
 .bss           0x20000070        0x0 /opt/arm_gnu_toolchain_latest/bin/../lib/gcc/arm-none-eabi/15.2.1/thumb/v7e-m/nofp/crtbegin.o
 .bss.completed.1
                0x20000070        0x1 /opt/arm_gnu_toolchain_latest/bin/../lib/gcc/arm-none-eabi/15.2.1/thumb/v7e-m/nofp/crtbegin.o
 *fill*         0x20000071        0x3 
 .bss.object.0  0x20000074       0x18 /opt/arm_gnu_toolchain_latest/bin/../lib/gcc/arm-none-eabi/15.2.1/thumb/v7e-m/nofp/crtbegin.o
 .bss           0x2000008c        0x0 /opt/arm_gnu_toolchain_latest/bin/../lib/gcc/arm-none-eabi/15.2.1/../../../../arm-none-eabi/lib/thumb/v7e-m/nofp/crt0.o
 .bss           0x2000008c       0x54 main.o
                0x2000008c                g_tick_count
                0x20000090                user_task
 .bss           0x200000e0        0x0 led.o
 .bss           0x200000e0        0x0 stm32f446_startup.o
 .bss           0x200000e0        0x8 syscalls.o
                0x200000e0                __env
 .bss           0x200000e8        0x0 /opt/arm_gnu_toolchain_latest/bin/../lib/gcc/arm-none-eabi/15.2.1/../../../../arm-none-eabi/lib/thumb/v7e-m/nofp/libc_nano.a(libc_a-exit.o)
 .bss           0x200000e8        0x0 /opt/arm_gnu_toolchain_latest/bin/../lib/gcc/arm-none-eabi/15.2.1/../../../../arm-none-eabi/lib/thumb/v7e-m/nofp/libc_nano.a(libc_a-findfp.o)
 .bss.__sf      0x200000e8      0x138 /opt/arm_gnu_toolchain_latest/bin/../lib/gcc/arm-none-eabi/15.2.1/../../../../arm-none-eabi/lib/thumb/v7e-m/nofp/libc_nano.a(libc_a-findfp.o)
                0x200000e8                __sf
 .bss.__stdio_exit_handler
                0x20000220        0x4 /opt/arm_gnu_toolchain_latest/bin/../lib/gcc/arm-none-eabi/15.2.1/../../../../arm-none-eabi/lib/thumb/v7e-m/nofp/libc_nano.a(libc_a-findfp.o)
                0x20000220                __stdio_exit_handler
 .bss           0x20000224        0x0 /opt/arm_gnu_toolchain_latest/bin/../lib/gcc/arm-none-eabi/15.2.1/../../../../arm-none-eabi/lib/thumb/v7e-m/nofp/libc_nano.a(libc_a-fwalk.o)
 .bss           0x20000224        0x0 /opt/arm_gnu_toolchain_latest/bin/../lib/gcc/arm-none-eabi/15.2.1/../../../../arm-none-eabi/lib/thumb/v7e-m/nofp/libc_nano.a(libc_a-puts.o)
 .bss           0x20000224        0x0 /opt/arm_gnu_toolchain_latest/bin/../lib/gcc/arm-none-eabi/15.2.1/../../../../arm-none-eabi/lib/thumb/v7e-m/nofp/libc_nano.a(libc_a-stdio.o)
 .bss           0x20000224        0x0 /opt/arm_gnu_toolchain_latest/bin/../lib/gcc/arm-none-eabi/15.2.1/../../../../arm-none-eabi/lib/thumb/v7e-m/nofp/libc_nano.a(libc_a-wbuf.o)
 .bss           0x20000224        0x0 /opt/arm_gnu_toolchain_latest/bin/../lib/gcc/arm-none-eabi/15.2.1/../../../../arm-none-eabi/lib/thumb/v7e-m/nofp/libc_nano.a(libc_a-wsetup.o)
 .bss           0x20000224        0x0 /opt/arm_gnu_toolchain_latest/bin/../lib/gcc/arm-none-eabi/15.2.1/../../../../arm-none-eabi/lib/thumb/v7e-m/nofp/libc_nano.a(libc_a-memset.o)
 .bss           0x20000224        0x0 /opt/arm_gnu_toolchain_latest/bin/../lib/gcc/arm-none-eabi/15.2.1/../../../../arm-none-eabi/lib/thumb/v7e-m/nofp/libc_nano.a(libc_a-closer.o)
 .bss           0x20000224        0x0 /opt/arm_gnu_toolchain_latest/bin/../lib/gcc/arm-none-eabi/15.2.1/../../../../arm-none-eabi/lib/thumb/v7e-m/nofp/libc_nano.a(libc_a-reent.o)
 .bss.errno     0x20000224        0x4 /opt/arm_gnu_toolchain_latest/bin/../lib/gcc/arm-none-eabi/15.2.1/../../../../arm-none-eabi/lib/thumb/v7e-m/nofp/libc_nano.a(libc_a-reent.o)
                0x20000224                errno
 .bss           0x20000228        0x0 /opt/arm_gnu_toolchain_latest/bin/../lib/gcc/arm-none-eabi/15.2.1/../../../../arm-none-eabi/lib/thumb/v7e-m/nofp/libc_nano.a(libc_a-impure.o)
 .bss           0x20000228        0x0 /opt/arm_gnu_toolchain_latest/bin/../lib/gcc/arm-none-eabi/15.2.1/../../../../arm-none-eabi/lib/thumb/v7e-m/nofp/libc_nano.a(libc_a-lseekr.o)
 .bss           0x20000228        0x0 /opt/arm_gnu_toolchain_latest/bin/../lib/gcc/arm-none-eabi/15.2.1/../../../../arm-none-eabi/lib/thumb/v7e-m/nofp/libc_nano.a(libc_a-readr.o)
 .bss           0x20000228        0x0 /opt/arm_gnu_toolchain_latest/bin/../lib/gcc/arm-none-eabi/15.2.1/../../../../arm-none-eabi/lib/thumb/v7e-m/nofp/libc_nano.a(libc_a-writer.o)
 .bss           0x20000228        0x0 /opt/arm_gnu_toolchain_latest/bin/../lib/gcc/arm-none-eabi/15.2.1/../../../../arm-none-eabi/lib/thumb/v7e-m/nofp/libc_nano.a(libc_a-errno.o)
 .bss           0x20000228        0x0 /opt/arm_gnu_toolchain_latest/bin/../lib/gcc/arm-none-eabi/15.2.1/../../../../arm-none-eabi/lib/thumb/v7e-m/nofp/libc_nano.a(libc_a-init.o)
 .bss           0x20000228        0x0 /opt/arm_gnu_toolchain_latest/bin/../lib/gcc/arm-none-eabi/15.2.1/../../../../arm-none-eabi/lib/thumb/v7e-m/nofp/libc_nano.a(libc_a-lock.o)
 .bss.__lock___arc4random_mutex
                0x20000228        0x1 /opt/arm_gnu_toolchain_latest/bin/../lib/gcc/arm-none-eabi/15.2.1/../../../../arm-none-eabi/lib/thumb/v7e-m/nofp/libc_nano.a(libc_a-lock.o)
                0x20000228                __lock___arc4random_mutex
 .bss.__lock___dd_hash_mutex
                0x20000229        0x1 /opt/arm_gnu_toolchain_latest/bin/../lib/gcc/arm-none-eabi/15.2.1/../../../../arm-none-eabi/lib/thumb/v7e-m/nofp/libc_nano.a(libc_a-lock.o)
                0x20000229                __lock___dd_hash_mutex
 .bss.__lock___tz_mutex
                0x2000022a        0x1 /opt/arm_gnu_toolchain_latest/bin/../lib/gcc/arm-none-eabi/15.2.1/../../../../arm-none-eabi/lib/thumb/v7e-m/nofp/libc_nano.a(libc_a-lock.o)
                0x2000022a                __lock___tz_mutex
 .bss.__lock___env_recursive_mutex
                0x2000022b        0x1 /opt/arm_gnu_toolchain_latest/bin/../lib/gcc/arm-none-eabi/15.2.1/../../../../arm-none-eabi/lib/thumb/v7e-m/nofp/libc_nano.a(libc_a-lock.o)
                0x2000022b                __lock___env_recursive_mutex
 .bss.__lock___malloc_recursive_mutex
                0x2000022c        0x1 /opt/arm_gnu_toolchain_latest/bin/../lib/gcc/arm-none-eabi/15.2.1/../../../../arm-none-eabi/lib/thumb/v7e-m/nofp/libc_nano.a(libc_a-lock.o)
                0x2000022c                __lock___malloc_recursive_mutex
 .bss.__lock___at_quick_exit_mutex
                0x2000022d        0x1 /opt/arm_gnu_toolchain_latest/bin/../lib/gcc/arm-none-eabi/15.2.1/../../../../arm-none-eabi/lib/thumb/v7e-m/nofp/libc_nano.a(libc_a-lock.o)
                0x2000022d                __lock___at_quick_exit_mutex
 .bss.__lock___atexit_recursive_mutex
                0x2000022e        0x1 /opt/arm_gnu_toolchain_latest/bin/../lib/gcc/arm-none-eabi/15.2.1/../../../../arm-none-eabi/lib/thumb/v7e-m/nofp/libc_nano.a(libc_a-lock.o)
                0x2000022e                __lock___atexit_recursive_mutex
 .bss.__lock___sfp_recursive_mutex
                0x2000022f        0x1 /opt/arm_gnu_toolchain_latest/bin/../lib/gcc/arm-none-eabi/15.2.1/../../../../arm-none-eabi/lib/thumb/v7e-m/nofp/libc_nano.a(libc_a-lock.o)
                0x2000022f                __lock___sfp_recursive_mutex
 .bss           0x20000230        0x0 /opt/arm_gnu_toolchain_latest/bin/../lib/gcc/arm-none-eabi/15.2.1/../../../../arm-none-eabi/lib/thumb/v7e-m/nofp/libc_nano.a(libc_a-freer.o)
 .bss           0x20000230        0x0 /opt/arm_gnu_toolchain_latest/bin/../lib/gcc/arm-none-eabi/15.2.1/../../../../arm-none-eabi/lib/thumb/v7e-m/nofp/libc_nano.a(libc_a-mallocr.o)
 .bss.__malloc_sbrk_start
                0x20000230        0x4 /opt/arm_gnu_toolchain_latest/bin/../lib/gcc/arm-none-eabi/15.2.1/../../../../arm-none-eabi/lib/thumb/v7e-m/nofp/libc_nano.a(libc_a-mallocr.o)
                0x20000230                __malloc_sbrk_start
 .bss.__malloc_free_list
                0x20000234        0x4 /opt/arm_gnu_toolchain_latest/bin/../lib/gcc/arm-none-eabi/15.2.1/../../../../arm-none-eabi/lib/thumb/v7e-m/nofp/libc_nano.a(libc_a-mallocr.o)
                0x20000234                __malloc_free_list
 .bss           0x20000238        0x0 /opt/arm_gnu_toolchain_latest/bin/../lib/gcc/arm-none-eabi/15.2.1/../../../../arm-none-eabi/lib/thumb/v7e-m/nofp/libc_nano.a(libc_a-mlock.o)
 .bss           0x20000238        0x0 /opt/arm_gnu_toolchain_latest/bin/../lib/gcc/arm-none-eabi/15.2.1/../../../../arm-none-eabi/lib/thumb/v7e-m/nofp/libc_nano.a(libc_a-fflush.o)
 .bss           0x20000238        0x0 /opt/arm_gnu_toolchain_latest/bin/../lib/gcc/arm-none-eabi/15.2.1/../../../../arm-none-eabi/lib/thumb/v7e-m/nofp/libc_nano.a(libc_a-makebuf.o)
 .bss           0x20000238        0x0 /opt/arm_gnu_toolchain_latest/bin/../lib/gcc/arm-none-eabi/15.2.1/../../../../arm-none-eabi/lib/thumb/v7e-m/nofp/libc_nano.a(libc_a-fstatr.o)
 .bss           0x20000238        0x0 /opt/arm_gnu_toolchain_latest/bin/../lib/gcc/arm-none-eabi/15.2.1/../../../../arm-none-eabi/lib/thumb/v7e-m/nofp/libc_nano.a(libc_a-isattyr.o)
 .bss           0x20000238        0x0 /opt/arm_gnu_toolchain_latest/bin/../lib/gcc/arm-none-eabi/15.2.1/../../../../arm-none-eabi/lib/thumb/v7e-m/nofp/libc_nano.a(libc_a-sbrkr.o)
 .bss           0x20000238        0x0 /opt/arm_gnu_toolchain_latest/bin/../lib/gcc/arm-none-eabi/15.2.1/thumb/v7e-m/nofp/crtend.o
 .bss           0x20000238        0x0 /opt/arm_gnu_toolchain_latest/bin/../lib/gcc/arm-none-eabi/15.2.1/thumb/v7e-m/nofp/crtn.o
 *(COMMON)
                0x20000238                        . = ALIGN (0x4)
                0x20000238                        _ebss = .
                0x20000238                        __bss_end__ = _ebss
                0x20000238                        . = ALIGN (0x4)
                0x20000238                        end = .
                0x20000238                        __end__ = .

.heap           0x20000238        0x0 load address 0x08001990
                0x20000238                        . = ALIGN (0x4)
                0x20000238                        _heap_start = .
                0x20020000                        _heap_end = _estack
                [!provide]                        PROVIDE (end = .)
                [!provide]                        PROVIDE (_end = .)
                0x20020000                        __StackTop = _estack
                0x20000238                        __StackLimit = _heap_start
OUTPUT(final.elf elf32-littlearm)
LOAD linker stubs

.ARM.attributes
                0x00000000       0x2a
 .ARM.attributes
                0x00000000       0x1e /opt/arm_gnu_toolchain_latest/bin/../lib/gcc/arm-none-eabi/15.2.1/thumb/v7e-m/nofp/crti.o
 .ARM.attributes
                0x0000001e       0x2e /opt/arm_gnu_toolchain_latest/bin/../lib/gcc/arm-none-eabi/15.2.1/thumb/v7e-m/nofp/crtbegin.o
 .ARM.attributes
                0x0000004c       0x1c /opt/arm_gnu_toolchain_latest/bin/../lib/gcc/arm-none-eabi/15.2.1/../../../../arm-none-eabi/lib/thumb/v7e-m/nofp/crt0.o
 .ARM.attributes
                0x00000068       0x2e main.o
 .ARM.attributes
                0x00000096       0x2e led.o
 .ARM.attributes
                0x000000c4       0x2e stm32f446_startup.o
 .ARM.attributes
                0x000000f2       0x2e syscalls.o
 .ARM.attributes
                0x00000120       0x2e /opt/arm_gnu_toolchain_latest/bin/../lib/gcc/arm-none-eabi/15.2.1/../../../../arm-none-eabi/lib/thumb/v7e-m/nofp/libc_nano.a(libc_a-exit.o)
 .ARM.attributes
                0x0000014e       0x2e /opt/arm_gnu_toolchain_latest/bin/../lib/gcc/arm-none-eabi/15.2.1/../../../../arm-none-eabi/lib/thumb/v7e-m/nofp/libc_nano.a(libc_a-findfp.o)
 .ARM.attributes
                0x0000017c       0x2e /opt/arm_gnu_toolchain_latest/bin/../lib/gcc/arm-none-eabi/15.2.1/../../../../arm-none-eabi/lib/thumb/v7e-m/nofp/libc_nano.a(libc_a-fwalk.o)
 .ARM.attributes
                0x000001aa       0x2e /opt/arm_gnu_toolchain_latest/bin/../lib/gcc/arm-none-eabi/15.2.1/../../../../arm-none-eabi/lib/thumb/v7e-m/nofp/libc_nano.a(libc_a-puts.o)
 .ARM.attributes
                0x000001d8       0x2e /opt/arm_gnu_toolchain_latest/bin/../lib/gcc/arm-none-eabi/15.2.1/../../../../arm-none-eabi/lib/thumb/v7e-m/nofp/libc_nano.a(libc_a-stdio.o)
 .ARM.attributes
                0x00000206       0x2e /opt/arm_gnu_toolchain_latest/bin/../lib/gcc/arm-none-eabi/15.2.1/../../../../arm-none-eabi/lib/thumb/v7e-m/nofp/libc_nano.a(libc_a-wbuf.o)
 .ARM.attributes
                0x00000234       0x2e /opt/arm_gnu_toolchain_latest/bin/../lib/gcc/arm-none-eabi/15.2.1/../../../../arm-none-eabi/lib/thumb/v7e-m/nofp/libc_nano.a(libc_a-wsetup.o)
 .ARM.attributes
                0x00000262       0x2e /opt/arm_gnu_toolchain_latest/bin/../lib/gcc/arm-none-eabi/15.2.1/../../../../arm-none-eabi/lib/thumb/v7e-m/nofp/libc_nano.a(libc_a-memset.o)
 .ARM.attributes
                0x00000290       0x2e /opt/arm_gnu_toolchain_latest/bin/../lib/gcc/arm-none-eabi/15.2.1/../../../../arm-none-eabi/lib/thumb/v7e-m/nofp/libc_nano.a(libc_a-closer.o)
 .ARM.attributes
                0x000002be       0x2e /opt/arm_gnu_toolchain_latest/bin/../lib/gcc/arm-none-eabi/15.2.1/../../../../arm-none-eabi/lib/thumb/v7e-m/nofp/libc_nano.a(libc_a-reent.o)
 .ARM.attributes
                0x000002ec       0x2e /opt/arm_gnu_toolchain_latest/bin/../lib/gcc/arm-none-eabi/15.2.1/../../../../arm-none-eabi/lib/thumb/v7e-m/nofp/libc_nano.a(libc_a-impure.o)
 .ARM.attributes
                0x0000031a       0x2e /opt/arm_gnu_toolchain_latest/bin/../lib/gcc/arm-none-eabi/15.2.1/../../../../arm-none-eabi/lib/thumb/v7e-m/nofp/libc_nano.a(libc_a-lseekr.o)
 .ARM.attributes
                0x00000348       0x2e /opt/arm_gnu_toolchain_latest/bin/../lib/gcc/arm-none-eabi/15.2.1/../../../../arm-none-eabi/lib/thumb/v7e-m/nofp/libc_nano.a(libc_a-readr.o)
 .ARM.attributes
                0x00000376       0x2e /opt/arm_gnu_toolchain_latest/bin/../lib/gcc/arm-none-eabi/15.2.1/../../../../arm-none-eabi/lib/thumb/v7e-m/nofp/libc_nano.a(libc_a-writer.o)
 .ARM.attributes
                0x000003a4       0x2e /opt/arm_gnu_toolchain_latest/bin/../lib/gcc/arm-none-eabi/15.2.1/../../../../arm-none-eabi/lib/thumb/v7e-m/nofp/libc_nano.a(libc_a-errno.o)
 .ARM.attributes
                0x000003d2       0x2e /opt/arm_gnu_toolchain_latest/bin/../lib/gcc/arm-none-eabi/15.2.1/../../../../arm-none-eabi/lib/thumb/v7e-m/nofp/libc_nano.a(libc_a-init.o)
 .ARM.attributes
                0x00000400       0x2e /opt/arm_gnu_toolchain_latest/bin/../lib/gcc/arm-none-eabi/15.2.1/../../../../arm-none-eabi/lib/thumb/v7e-m/nofp/libc_nano.a(libc_a-lock.o)
 .ARM.attributes
                0x0000042e       0x2e /opt/arm_gnu_toolchain_latest/bin/../lib/gcc/arm-none-eabi/15.2.1/../../../../arm-none-eabi/lib/thumb/v7e-m/nofp/libc_nano.a(libc_a-freer.o)
 .ARM.attributes
                0x0000045c       0x2e /opt/arm_gnu_toolchain_latest/bin/../lib/gcc/arm-none-eabi/15.2.1/../../../../arm-none-eabi/lib/thumb/v7e-m/nofp/libc_nano.a(libc_a-mallocr.o)
 .ARM.attributes
                0x0000048a       0x2e /opt/arm_gnu_toolchain_latest/bin/../lib/gcc/arm-none-eabi/15.2.1/../../../../arm-none-eabi/lib/thumb/v7e-m/nofp/libc_nano.a(libc_a-mlock.o)
 .ARM.attributes
                0x000004b8       0x2e /opt/arm_gnu_toolchain_latest/bin/../lib/gcc/arm-none-eabi/15.2.1/../../../../arm-none-eabi/lib/thumb/v7e-m/nofp/libc_nano.a(libc_a-fflush.o)
 .ARM.attributes
                0x000004e6       0x2e /opt/arm_gnu_toolchain_latest/bin/../lib/gcc/arm-none-eabi/15.2.1/../../../../arm-none-eabi/lib/thumb/v7e-m/nofp/libc_nano.a(libc_a-makebuf.o)
 .ARM.attributes
                0x00000514       0x2e /opt/arm_gnu_toolchain_latest/bin/../lib/gcc/arm-none-eabi/15.2.1/../../../../arm-none-eabi/lib/thumb/v7e-m/nofp/libc_nano.a(libc_a-fstatr.o)
 .ARM.attributes
                0x00000542       0x2e /opt/arm_gnu_toolchain_latest/bin/../lib/gcc/arm-none-eabi/15.2.1/../../../../arm-none-eabi/lib/thumb/v7e-m/nofp/libc_nano.a(libc_a-isattyr.o)
 .ARM.attributes
                0x00000570       0x2e /opt/arm_gnu_toolchain_latest/bin/../lib/gcc/arm-none-eabi/15.2.1/../../../../arm-none-eabi/lib/thumb/v7e-m/nofp/libc_nano.a(libc_a-sbrkr.o)
 .ARM.attributes
                0x0000059e       0x2e /opt/arm_gnu_toolchain_latest/bin/../lib/gcc/arm-none-eabi/15.2.1/thumb/v7e-m/nofp/crtend.o
 .ARM.attributes
                0x000005cc       0x1e /opt/arm_gnu_toolchain_latest/bin/../lib/gcc/arm-none-eabi/15.2.1/thumb/v7e-m/nofp/crtn.o

.comment        0x00000000       0x45
 .comment       0x00000000       0x45 main.o
                                 0x46 (size before relaxing)
 .comment       0x00000045        0x0 led.o
                                 0x46 (size before relaxing)
 .comment       0x00000045        0x0 stm32f446_startup.o
                                 0x46 (size before relaxing)
 .comment       0x00000045        0x0 syscalls.o
                                 0x46 (size before relaxing)

.debug_line_str
                0x00000000       0xcc
 .debug_line_str
                0x00000000       0xcc /opt/arm_gnu_toolchain_latest/bin/../lib/gcc/arm-none-eabi/15.2.1/../../../../arm-none-eabi/lib/thumb/v7e-m/nofp/crt0.o

.debug_frame    0x00000000      0x6c4
 .debug_frame   0x00000000       0x28 /opt/arm_gnu_toolchain_latest/bin/../lib/gcc/arm-none-eabi/15.2.1/../../../../arm-none-eabi/lib/thumb/v7e-m/nofp/libc_nano.a(libc_a-exit.o)
 .debug_frame   0x00000028      0x144 /opt/arm_gnu_toolchain_latest/bin/../lib/gcc/arm-none-eabi/15.2.1/../../../../arm-none-eabi/lib/thumb/v7e-m/nofp/libc_nano.a(libc_a-findfp.o)
 .debug_frame   0x0000016c       0x34 /opt/arm_gnu_toolchain_latest/bin/../lib/gcc/arm-none-eabi/15.2.1/../../../../arm-none-eabi/lib/thumb/v7e-m/nofp/libc_nano.a(libc_a-fwalk.o)
 .debug_frame   0x000001a0       0x3c /opt/arm_gnu_toolchain_latest/bin/../lib/gcc/arm-none-eabi/15.2.1/../../../../arm-none-eabi/lib/thumb/v7e-m/nofp/libc_nano.a(libc_a-puts.o)
 .debug_frame   0x000001dc       0x88 /opt/arm_gnu_toolchain_latest/bin/../lib/gcc/arm-none-eabi/15.2.1/../../../../arm-none-eabi/lib/thumb/v7e-m/nofp/libc_nano.a(libc_a-stdio.o)
 .debug_frame   0x00000264       0x40 /opt/arm_gnu_toolchain_latest/bin/../lib/gcc/arm-none-eabi/15.2.1/../../../../arm-none-eabi/lib/thumb/v7e-m/nofp/libc_nano.a(libc_a-wbuf.o)
 .debug_frame   0x000002a4       0x2c /opt/arm_gnu_toolchain_latest/bin/../lib/gcc/arm-none-eabi/15.2.1/../../../../arm-none-eabi/lib/thumb/v7e-m/nofp/libc_nano.a(libc_a-wsetup.o)
 .debug_frame   0x000002d0       0x20 /opt/arm_gnu_toolchain_latest/bin/../lib/gcc/arm-none-eabi/15.2.1/../../../../arm-none-eabi/lib/thumb/v7e-m/nofp/libc_nano.a(libc_a-memset.o)
 .debug_frame   0x000002f0       0x2c /opt/arm_gnu_toolchain_latest/bin/../lib/gcc/arm-none-eabi/15.2.1/../../../../arm-none-eabi/lib/thumb/v7e-m/nofp/libc_nano.a(libc_a-closer.o)
 .debug_frame   0x0000031c       0x38 /opt/arm_gnu_toolchain_latest/bin/../lib/gcc/arm-none-eabi/15.2.1/../../../../arm-none-eabi/lib/thumb/v7e-m/nofp/libc_nano.a(libc_a-reent.o)
 .debug_frame   0x00000354       0x2c /opt/arm_gnu_toolchain_latest/bin/../lib/gcc/arm-none-eabi/15.2.1/../../../../arm-none-eabi/lib/thumb/v7e-m/nofp/libc_nano.a(libc_a-lseekr.o)
 .debug_frame   0x00000380       0x2c /opt/arm_gnu_toolchain_latest/bin/../lib/gcc/arm-none-eabi/15.2.1/../../../../arm-none-eabi/lib/thumb/v7e-m/nofp/libc_nano.a(libc_a-readr.o)
 .debug_frame   0x000003ac       0x2c /opt/arm_gnu_toolchain_latest/bin/../lib/gcc/arm-none-eabi/15.2.1/../../../../arm-none-eabi/lib/thumb/v7e-m/nofp/libc_nano.a(libc_a-writer.o)
 .debug_frame   0x000003d8       0x20 /opt/arm_gnu_toolchain_latest/bin/../lib/gcc/arm-none-eabi/15.2.1/../../../../arm-none-eabi/lib/thumb/v7e-m/nofp/libc_nano.a(libc_a-errno.o)
 .debug_frame   0x000003f8       0x2c /opt/arm_gnu_toolchain_latest/bin/../lib/gcc/arm-none-eabi/15.2.1/../../../../arm-none-eabi/lib/thumb/v7e-m/nofp/libc_nano.a(libc_a-init.o)
 .debug_frame   0x00000424       0xb0 /opt/arm_gnu_toolchain_latest/bin/../lib/gcc/arm-none-eabi/15.2.1/../../../../arm-none-eabi/lib/thumb/v7e-m/nofp/libc_nano.a(libc_a-lock.o)
 .debug_frame   0x000004d4       0x38 /opt/arm_gnu_toolchain_latest/bin/../lib/gcc/arm-none-eabi/15.2.1/../../../../arm-none-eabi/lib/thumb/v7e-m/nofp/libc_nano.a(libc_a-freer.o)
 .debug_frame   0x0000050c       0x50 /opt/arm_gnu_toolchain_latest/bin/../lib/gcc/arm-none-eabi/15.2.1/../../../../arm-none-eabi/lib/thumb/v7e-m/nofp/libc_nano.a(libc_a-mallocr.o)
 .debug_frame   0x0000055c       0x30 /opt/arm_gnu_toolchain_latest/bin/../lib/gcc/arm-none-eabi/15.2.1/../../../../arm-none-eabi/lib/thumb/v7e-m/nofp/libc_nano.a(libc_a-mlock.o)
 .debug_frame   0x0000058c       0x5c /opt/arm_gnu_toolchain_latest/bin/../lib/gcc/arm-none-eabi/15.2.1/../../../../arm-none-eabi/lib/thumb/v7e-m/nofp/libc_nano.a(libc_a-fflush.o)
 .debug_frame   0x000005e8       0x58 /opt/arm_gnu_toolchain_latest/bin/../lib/gcc/arm-none-eabi/15.2.1/../../../../arm-none-eabi/lib/thumb/v7e-m/nofp/libc_nano.a(libc_a-makebuf.o)
 .debug_frame   0x00000640       0x2c /opt/arm_gnu_toolchain_latest/bin/../lib/gcc/arm-none-eabi/15.2.1/../../../../arm-none-eabi/lib/thumb/v7e-m/nofp/libc_nano.a(libc_a-fstatr.o)
 .debug_frame   0x0000066c       0x2c /opt/arm_gnu_toolchain_latest/bin/../lib/gcc/arm-none-eabi/15.2.1/../../../../arm-none-eabi/lib/thumb/v7e-m/nofp/libc_nano.a(libc_a-isattyr.o)
 .debug_frame   0x00000698       0x2c /opt/arm_gnu_toolchain_latest/bin/../lib/gcc/arm-none-eabi/15.2.1/../../../../arm-none-eabi/lib/thumb/v7e-m/nofp/libc_nano.a(libc_a-sbrkr.o)
